[www.smartpixel.tech/smartmed/index.html]
[backblue.gif]
[fade.gif]
[index.html]
[www.smartpixel.tech/smartmed/favicon.png]
[www.smartpixel.tech/smartmed/apple-touch-180x180.png]
[www.smartpixel.tech/smartmed/mstile.png]
[www.smartpixel.tech/smartmed/assets/bootstrap/css/bootstrap.min.css]
[www.smartpixel.tech/smartmed/assets/fonts/fontawesome/css/font-awesome.min.css]
[www.smartpixel.tech/smartmed/assets/fonts/smartmed-icons/css/smartmed-icons.min.css]
[www.smartpixel.tech/smartmed/assets/plugins/fancybox/jquery.fancybox.min.css]
[www.smartpixel.tech/smartmed/assets/plugins/owl-carousel/owl.carousel.min.css]
[www.smartpixel.tech/smartmed/assets/plugins/animations/animate.min.css]
[www.smartpixel.tech/smartmed/assets/css/custom.css]
[www.smartpixel.tech/smartmed/assets/css/pages-style.css]
[www.smartpixel.tech/smartmed/assets/plugins/theme-options/theme-options.css]
[www.smartpixel.tech/smartmed/index-2.html]
[www.smartpixel.tech/smartmed/index-3.html]
[www.smartpixel.tech/smartmed/index-4.html]
[www.smartpixel.tech/smartmed/about.html]
[www.smartpixel.tech/smartmed/about-2.html]
[www.smartpixel.tech/smartmed/services.html]
[www.smartpixel.tech/smartmed/services-2.html]
[www.smartpixel.tech/smartmed/assets/images/logo-white.png]
[www.smartpixel.tech/smartmed/team.html]
[www.smartpixel.tech/smartmed/news.html]
[www.smartpixel.tech/smartmed/news-2.html]
[www.smartpixel.tech/smartmed/news-3.html]
[www.smartpixel.tech/smartmed/news-single.html]
[www.smartpixel.tech/smartmed/contact.html]
[www.smartpixel.tech/smartmed/contact-2.html]
[www.smartpixel.tech/smartmed/images/index/main-slider/bg-slide-1.jpg]
[www.smartpixel.tech/smartmed/appointment.html]
[www.smartpixel.tech/smartmed/images/index/main-slider/bg-slide-2.jpg]
[www.smartpixel.tech/smartmed/images/index/main-slider/bg-slide-3.jpg]
[www.smartpixel.tech/smartmed/images/about/team/image-1.jpg]
[www.smartpixel.tech/smartmed/images/about/team/image-2.jpg]
[www.smartpixel.tech/smartmed/images/about/team/image-3.jpg]
[www.smartpixel.tech/smartmed/images/about/team/image-4.jpg]
[www.smartpixel.tech/smartmed/images/about/team/image-5.jpg]
[www.smartpixel.tech/smartmed/images/about/team/image-6.jpg]
[www.smartpixel.tech/smartmed/images/about/team/image-7.jpg]
[www.smartpixel.tech/smartmed/images/about/team/image-8.jpg]
[www.smartpixel.tech/smartmed/images/blog/image-1.jpg]
[www.smartpixel.tech/smartmed/images/blog/image-2.jpg]
[www.smartpixel.tech/smartmed/images/blog/image-3.jpg]
[www.smartpixel.tech/smartmed/images/blog/image-4.jpg]
[www.smartpixel.tech/smartmed/assets/bootstrap/js/popper.min.js]
[www.smartpixel.tech/smartmed/assets/plugins/viewport/jquery.viewport.min.js]
[www.smartpixel.tech/smartmed/assets/plugins/menu/hoverintent.min.js]
[www.smartpixel.tech/smartmed/assets/bootstrap/js/bootstrap.min.js]
[www.smartpixel.tech/smartmed/assets/plugins/jquery/jquery-2.2.4.min.js]
[www.smartpixel.tech/smartmed/assets/plugins/menu/superfish.min.js]
[www.smartpixel.tech/smartmed/assets/plugins/parallax/jquery.stellar.min.js]
[www.smartpixel.tech/smartmed/assets/plugins/isotope/imagesloaded.pkgd.min.js]
[www.smartpixel.tech/smartmed/assets/plugins/fancybox/jquery.fancybox.min.js]
[www.smartpixel.tech/smartmed/assets/plugins/owl-carousel/owl.carousel.min.js]
[www.smartpixel.tech/smartmed/assets/plugins/isotope/isotope.pkgd.min.js]
[www.smartpixel.tech/smartmed/assets/plugins/validate/jquery.validate.min.js]
[www.smartpixel.tech/smartmed/assets/plugins/submit/jquery.form.min.js]
[www.smartpixel.tech/smartmed/assets/plugins/googlemaps/gmap3.min.js]
[www.smartpixel.tech/smartmed/assets/plugins/charts/jquery.easypiechart.min.js]
[www.smartpixel.tech/smartmed/assets/plugins/counter/jquery.simplecounter.min.js]
[www.smartpixel.tech/smartmed/assets/plugins/instafeed/instafeed.min.js]
[www.smartpixel.tech/smartmed/assets/plugins/twitter/twitterfetcher.min.js]
[www.smartpixel.tech/smartmed/assets/plugins/countdown/jquery.countdown.min.js]
[www.smartpixel.tech/smartmed/assets/plugins/animations/wow.min.js]
[www.smartpixel.tech/smartmed/assets/plugins/theme-options/jquery.cookie.min.js]
[www.smartpixel.tech/smartmed/assets/plugins/theme-options/theme-options.js]
[www.smartpixel.tech/smartmed/index.html]
[www.smartpixel.tech/smartmed/assets/bootstrap/css/bootstrap.min.css]
[www.smartpixel.tech/smartmed/assets/js/custom.js]
[www.smartpixel.tech/smartmed/assets/fonts/fontawesome/fonts/fontawesome-webfont3e6e.eot]
[www.smartpixel.tech/smartmed/assets/fonts/fontawesome/fonts/fontawesome-webfontd41d.eot]
[www.smartpixel.tech/smartmed/assets/fonts/fontawesome/fonts/fontawesome-webfont3e6e.woff2]
[www.smartpixel.tech/smartmed/assets/fonts/fontawesome/fonts/fontawesome-webfont3e6e.woff]
[www.smartpixel.tech/smartmed/assets/fonts/fontawesome/fonts/fontawesome-webfont3e6e.ttf]
[www.smartpixel.tech/smartmed/assets/fonts/fontawesome/fonts/fontawesome-webfont3e6e.svg]
[www.smartpixel.tech/smartmed/assets/fonts/fontawesome/css/font-awesome.min.css]
[www.smartpixel.tech/smartmed/assets/fonts/smartmed-icons/fonts/smartmed-icons.eot]
[www.smartpixel.tech/smartmed/assets/fonts/smartmed-icons/fonts/smartmed-icons.ttf]
[www.smartpixel.tech/smartmed/assets/fonts/smartmed-icons/fonts/smartmed-icons.woff]
[www.smartpixel.tech/smartmed/assets/fonts/smartmed-icons/css/smartmed-icons.min.css]
[www.smartpixel.tech/smartmed/assets/plugins/fancybox/jquery.fancybox.min.css]
[www.smartpixel.tech/smartmed/assets/plugins/owl-carousel/owl.video.play.png]
[www.smartpixel.tech/smartmed/assets/fonts/smartmed-icons/fonts/smartmed-icons.svg]
[www.smartpixel.tech/smartmed/assets/plugins/owl-carousel/owl.carousel.min.css]
[www.smartpixel.tech/smartmed/assets/plugins/animations/animate.min.css]
[www.smartpixel.tech/smartmed/images/backgrounds/bg-1.jpg]
[www.smartpixel.tech/smartmed/images/backgrounds/bg-2.jpg]
[www.smartpixel.tech/smartmed/images/backgrounds/bg-3.jpg]
[www.smartpixel.tech/smartmed/assets/images/search.png]
[www.smartpixel.tech/smartmed/assets/css/custom.css]
[www.smartpixel.tech/smartmed/assets/css/pages-style.css]
[www.smartpixel.tech/smartmed/assets/plugins/theme-options/theme-options.css]
[www.smartpixel.tech/smartmed/index-2.html]
[www.smartpixel.tech/smartmed/assets/images/logo.png]
[www.smartpixel.tech/smartmed/images/services/image-1.jpg]
[www.smartpixel.tech/smartmed/images/services/image-2.jpg]
[www.smartpixel.tech/smartmed/images/services/image-3.jpg]
[www.smartpixel.tech/smartmed/index-3.html]
[www.smartpixel.tech/smartmed/images/testimonials/image-1.jpg]
[www.smartpixel.tech/smartmed/images/testimonials/image-2.jpg]
[www.smartpixel.tech/smartmed/images/testimonials/image-3.jpg]
[www.smartpixel.tech/smartmed/images/testimonials/image-4.jpg]
[www.smartpixel.tech/smartmed/index-4.html]
[www.smartpixel.tech/smartmed/images/backgrounds/page-header-1.jpg]
[www.smartpixel.tech/smartmed/about.html]
[www.smartpixel.tech/smartmed/images/about/image-1.jpg]
[www.smartpixel.tech/smartmed/about-2.html]
[www.smartpixel.tech/smartmed/images/backgrounds/page-header-2.jpg]
[www.smartpixel.tech/smartmed/services.html]
[www.smartpixel.tech/smartmed/services-2.html]
[www.smartpixel.tech/smartmed/images/backgrounds/page-header-3.jpg]
[www.smartpixel.tech/smartmed/images/about/image-2.jpg]
[www.smartpixel.tech/smartmed/team.html]
[www.smartpixel.tech/smartmed/images/backgrounds/page-header-4.jpg]
[www.smartpixel.tech/smartmed/images/blog/image-5.jpg]
[www.smartpixel.tech/smartmed/images/blog/image-6.jpg]
[www.smartpixel.tech/smartmed/images/blog/image-7.jpg]
[www.smartpixel.tech/smartmed/news.html]
[www.smartpixel.tech/smartmed/news-2.html]
[www.smartpixel.tech/smartmed/news-3.html]
[www.smartpixel.tech/smartmed/images/blog/blog-post/post-author.jpg]
[www.smartpixel.tech/smartmed/images/blog/blog-post/author-comment-1.jpg]
[www.smartpixel.tech/smartmed/images/blog/blog-post/author-comment-2.jpg]
[www.smartpixel.tech/smartmed/news-single.html]
[www.smartpixel.tech/smartmed/images/backgrounds/page-header-5.jpg]
[www.smartpixel.tech/smartmed/contact.html]
[www.smartpixel.tech/smartmed/contact-2.html]
[www.smartpixel.tech/smartmed/appointment.html]
[www.smartpixel.tech/smartmed/assets/fonts/fontawesome/fonts/fontawesome-webfont3e6e.svg]
[www.smartpixel.tech/smartmed/assets/fonts/smartmed-icons/fonts/smartmed-icons.svg]
[www.smartpixel.tech/smartmed/assets/plugins/ytplayer/css/jquery.mb.ytplayer.min.html]
[www.smartpixel.tech/smartmed/assets/plugins/ytplayer/jquery.mb.ytplayer.min.html]
